00:18:32 **** Build of configuration Debug for project 001memory_layout ****
make -j12 all 
arm-none-eabi-gcc -mcpu=cortex-m4 -g3 -DDEBUG -c -x assembler-with-cpp -MMD -MP -MF"Startup/startup_stm32f407vgtx.d" -MT"Startup/startup_stm32f407vgtx.o" --specs=nano.specs -mfloat-abi=soft -mthumb -o "Startup/startup_stm32f407vgtx.o" "../Startup/startup_stm32f407vgtx.s"
arm-none-eabi-gcc "../Src/main.c" -mcpu=cortex-m4 -std=gnu11 -g3 -DDEBUG -DSTM32 -DSTM32F407G_DISC1 -DSTM32F4 -DSTM32F407VGTx -c -I../Inc -O0 -ffunction-sections -fdata-sections -Wall -fstack-usage -fcyclomatic-complexity -MMD -MP -MF"Src/main.d" -MT"Src/main.o" --specs=nano.specs -mfloat-abi=soft -mthumb -o "Src/main.o"
arm-none-eabi-gcc "../Src/syscalls.c" -mcpu=cortex-m4 -std=gnu11 -g3 -DDEBUG -DSTM32 -DSTM32F407G_DISC1 -DSTM32F4 -DSTM32F407VGTx -c -I../Inc -O0 -ffunction-sections -fdata-sections -Wall -fstack-usage -fcyclomatic-complexity -MMD -MP -MF"Src/syscalls.d" -MT"Src/syscalls.o" --specs=nano.specs -mfloat-abi=soft -mthumb -o "Src/syscalls.o"
arm-none-eabi-gcc "../Src/sysmem.c" -mcpu=cortex-m4 -std=gnu11 -g3 -DDEBUG -DSTM32 -DSTM32F407G_DISC1 -DSTM32F4 -DSTM32F407VGTx -c -I../Inc -O0 -ffunction-sections -fdata-sections -Wall -fstack-usage -fcyclomatic-complexity -MMD -MP -MF"Src/sysmem.d" -MT"Src/sysmem.o" --specs=nano.specs -mfloat-abi=soft -mthumb -o "Src/sysmem.o"
arm-none-eabi-gcc -o "001memory_layout.elf" @"objects.list"   -mcpu=cortex-m4 -T"C:\SID\PERSONAL\LEARNING_STM32\Udemy\Embedded-C\my_workspace\target\001memory_layout\STM32F407VGTX_FLASH.ld" --specs=nosys.specs -Wl,-Map="001memory_layout.map" -Wl,--gc-sections -static --specs=nano.specs -mfloat-abi=soft -mthumb -Wl,--start-group -lc -lm -Wl,--end-group
Finished building target: 001memory_layout.elf
 
arm-none-eabi-size  001memory_layout.elf 
arm-none-eabi-objdump -h -S 001memory_layout.elf  > "001memory_layout.list"
   text	   data	    bss	    dec	    hex	filename
   4956	    108	   1908	   6972	   1b3c	001memory_layout.elf
Finished building: default.size.stdout
 
Finished building: 001memory_layout.list
 
00:18:39 **** Incremental Build of configuration Debug for project 001memory_layout ****
make -j12 all 
arm-none-eabi-size  001memory_layout.elf 
   text	   data	    bss	    dec	    hex	filename
   4956	    108	   1908	   6972	   1b3c	001memory_layout.elf
Finished building: default.size.stdout
 
